---
source: grub/src/lexer.rs
expression: tokens
---
[
    Comment(
        "Automatically generated.  DO NOT EDIT THIS FILE!",
    ),
    Newline,
    Value(
        "search",
    ),
    Value(
        "--set=drive1",
    ),
    Value(
        "--fs-uuid",
    ),
    Value(
        "BB22-99EC",
    ),
    Newline,
    If,
    Value(
        "[",
    ),
    Value(
        "-s",
    ),
    Value(
        "$prefix/grubenv",
    ),
    CloseBracket,
    Semicolon,
    Then,
    Newline,
    Value(
        "load_env",
    ),
    Newline,
    Fi,
    Newline,
    Newline,
    Comment(
        "‘grub-reboot’ sets a one-time saved entry, which we process here and\n then delete.",
    ),
    If,
    Value(
        "[",
    ),
    Value(
        "${next_entry}",
    ),
    CloseBracket,
    Semicolon,
    Then,
    Newline,
    Value(
        "set",
    ),
    Value(
        "default=\"${next_entry}\"",
    ),
    Newline,
    Value(
        "set",
    ),
    Value(
        "next_entry=",
    ),
    Newline,
    Value(
        "save_env",
    ),
    Value(
        "next_entry",
    ),
    Newline,
    Value(
        "set",
    ),
    Value(
        "timeout=1",
    ),
    Newline,
    Value(
        "set",
    ),
    Value(
        "boot_once=true",
    ),
    Newline,
    Else,
    Newline,
    Value(
        "set",
    ),
    Value(
        "default=0",
    ),
    Newline,
    Value(
        "set",
    ),
    Value(
        "timeout=5",
    ),
    Newline,
    Fi,
    Newline,
    Newline,
    Function,
    Value(
        "savedefault",
    ),
    OpenBrace,
    Newline,
    If,
    Value(
        "[",
    ),
    Value(
        "-z",
    ),
    Value(
        "${boot_once}",
    ),
    CloseBracket,
    Semicolon,
    Then,
    Newline,
    Value(
        "saved_entry=\"${chosen}\"",
    ),
    Newline,
    Value(
        "save_env",
    ),
    Value(
        "saved_entry",
    ),
    Newline,
    Fi,
    Newline,
    CloseBrace,
    Newline,
    Newline,
    Comment(
        "Setup the graphics stack for bios and efi systems",
    ),
    If,
    Value(
        "[",
    ),
    Value(
        "${grub_platform}",
    ),
    Value(
        "=",
    ),
    Value(
        "efi",
    ),
    CloseBracket,
    Semicolon,
    Then,
    Newline,
    Value(
        "insmod",
    ),
    Value(
        "efi_gop",
    ),
    Newline,
    Value(
        "insmod",
    ),
    Value(
        "efi_uga",
    ),
    Newline,
    Else,
    Newline,
    Value(
        "insmod",
    ),
    Value(
        "vbe",
    ),
    Newline,
    Fi,
    Newline,
    Newline,
    Value(
        "insmod",
    ),
    Value(
        "font",
    ),
    Newline,
    If,
    Value(
        "loadfont",
    ),
    Value(
        "($drive1)//converted-font.pf2",
    ),
    Semicolon,
    Then,
    Newline,
    Value(
        "insmod",
    ),
    Value(
        "gfxterm",
    ),
    Newline,
    If,
    Value(
        "[",
    ),
    Value(
        "${grub_platform}",
    ),
    Value(
        "=",
    ),
    Value(
        "efi",
    ),
    CloseBracket,
    Semicolon,
    Then,
    Newline,
    Value(
        "set",
    ),
    Value(
        "gfxmode=auto",
    ),
    Newline,
    Value(
        "set",
    ),
    Value(
        "gfxpayload=keep",
    ),
    Newline,
    Else,
    Newline,
    Value(
        "set",
    ),
    Value(
        "gfxmode=1024x768",
    ),
    Newline,
    Value(
        "set",
    ),
    Value(
        "gfxpayload=text",
    ),
    Newline,
    Fi,
    Newline,
    Value(
        "terminal_output",
    ),
    Value(
        "gfxterm",
    ),
    Newline,
    Fi,
    Newline,
    Newline,
    Value(
        "background_color",
    ),
    Literal(
        "#2F302F",
    ),
    Newline,
    Newline,
    Value(
        "insmod",
    ),
    Value(
        "png",
    ),
    Newline,
    If,
    Value(
        "background_image",
    ),
    Value(
        "--mode",
    ),
    Literal(
        "normal",
    ),
    Value(
        "($drive1)//background.png",
    ),
    Semicolon,
    Then,
    Newline,
    Value(
        "set",
    ),
    Value(
        "color_normal=white/black",
    ),
    Newline,
    Value(
        "set",
    ),
    Value(
        "color_highlight=black/white",
    ),
    Newline,
    Else,
    Newline,
    Value(
        "set",
    ),
    Value(
        "menu_color_normal=cyan/blue",
    ),
    Newline,
    Value(
        "set",
    ),
    Value(
        "menu_color_highlight=white/blue",
    ),
    Newline,
    Fi,
    Newline,
    Newline,
    Newline,
    Value(
        "menuentry",
    ),
    Value(
        "NixOS - Default",
    ),
    Value(
        "--class",
    ),
    Value(
        "nixos",
    ),
    Value(
        "--unrestricted",
    ),
    OpenBrace,
    Newline,
    Value(
        "search",
    ),
    Value(
        "--set=drive1",
    ),
    Value(
        "--fs-uuid",
    ),
    Value(
        "BB22-99EC",
    ),
    Newline,
    Value(
        "linux",
    ),
    Value(
        "($drive1)//kernels/1pzgainlvg5hcdf8ngjficg3x39j63gv-linux-6.0.15-bzImage",
    ),
    Value(
        "init=/nix/store/kd6rrm02cs95hd8mf1kmnx14vksnrhwi-nixos-system-beetroot-23.05.20230102.0fc9fca/init",
    ),
    Value(
        "loglevel=4",
    ),
    Value(
        "zram.num_devices=1",
    ),
    Newline,
    Value(
        "initrd",
    ),
    Value(
        "($drive1)//kernels/2spacgl5d8l701wskfrz45q575f0q3fg-initrd-linux-6.0.15-initrd",
    ),
    Newline,
    CloseBrace,
    Newline,
    Newline,
    Newline,
    Value(
        "menuentry",
    ),
    Value(
        "NixOS - (flashfriendly - 1969-12-31 - 23.05.20230102.0fc9fca)",
    ),
    OpenBrace,
    Newline,
    Value(
        "search",
    ),
    Value(
        "--set=drive1",
    ),
    Value(
        "--fs-uuid",
    ),
    Value(
        "BB22-99EC",
    ),
    Newline,
    Value(
        "linux",
    ),
    Value(
        "($drive1)//kernels/1pzgainlvg5hcdf8ngjficg3x39j63gv-linux-6.0.15-bzImage",
    ),
    Value(
        "init=/nix/store/0y1mijr8m7wdah8mzlc31g5gj8w7psal-nixos-system-beetroot-23.05.20230102.0fc9fca/init",
    ),
    Value(
        "iomem=relaxed",
    ),
    Value(
        "loglevel=4",
    ),
    Value(
        "zram.num_devices=1",
    ),
    Newline,
    Value(
        "initrd",
    ),
    Value(
        "($drive1)//kernels/2spacgl5d8l701wskfrz45q575f0q3fg-initrd-linux-6.0.15-initrd",
    ),
    Newline,
    CloseBrace,
    Newline,
    Newline,
    Value(
        "submenu",
    ),
    Value(
        "NixOS - All configurations",
    ),
    Value(
        "--class",
    ),
    Value(
        "submenu",
    ),
    OpenBrace,
    Newline,
    Value(
        "menuentry",
    ),
    Value(
        "NixOS - Configuration 78 (2023-01-04 - 23.05.20230102.0fc9fca)",
    ),
    Value(
        "--class",
    ),
    Value(
        "nixos",
    ),
    OpenBrace,
    Newline,
    Value(
        "search",
    ),
    Value(
        "--set=drive1",
    ),
    Value(
        "--fs-uuid",
    ),
    Value(
        "BB22-99EC",
    ),
    Newline,
    Value(
        "linux",
    ),
    Value(
        "($drive1)//kernels/0wcixirfmmv0arr098ap4ynzk48npbmf-linux-6.1.1-bzImage",
    ),
    Value(
        "init=/nix/store/sj68yqfhzfq0h3bgi2v6dj464ak2v7bb-nixos-system-okra-23.05.20230102.0fc9fca/init",
    ),
    Value(
        "loglevel=4",
    ),
    Value(
        "zram.num_devices=1",
    ),
    Newline,
    Value(
        "initrd",
    ),
    Value(
        "($drive1)//kernels/vc142a0m33nvrcy44lrz5xph3n7gr756-initrd-linux-6.1.1-initrd",
    ),
    Newline,
    CloseBrace,
    Newline,
    Newline,
    Value(
        "menuentry",
    ),
    Value(
        "NixOS - Configuration 77 (2023-01-03 - 23.05.20230102.0fc9fca)",
    ),
    Value(
        "--class",
    ),
    Value(
        "nixos",
    ),
    OpenBrace,
    Newline,
    Value(
        "search",
    ),
    Value(
        "--set=drive1",
    ),
    Value(
        "--fs-uuid",
    ),
    Value(
        "BB22-99EC",
    ),
    Newline,
    Value(
        "linux",
    ),
    Value(
        "($drive1)//kernels/1pzgainlvg5hcdf8ngjficg3x39j63gv-linux-6.0.15-bzImage",
    ),
    Value(
        "init=/nix/store/q42sjmlgdzhr7zyq7l3p41lhbzldwz09-nixos-system-okra-23.05.20230102.0fc9fca/init",
    ),
    Value(
        "loglevel=4",
    ),
    Value(
        "zram.num_devices=1",
    ),
    Newline,
    Value(
        "initrd",
    ),
    Value(
        "($drive1)//kernels/vkvh2cjaybp0gf18k1v8pxzgwd3nch3v-initrd-linux-6.0.15-initrd",
    ),
    Newline,
    CloseBrace,
    Newline,
    Newline,
    CloseBrace,
    Newline,
]
